
> edugenius-nextjs@0.1.0 build
> next build

ΓÜá Warning: Next.js inferred your workspace root, but it may not be correct.
 We detected multiple lockfiles and selected the directory of C:\Users\xspang\package-lock.json as the root directory.
 To silence this warning, set `turbopack.root` in your Next.js config, or consider removing one of the lockfiles if it's not needed.
   See https://nextjs.org/docs/app/api-reference/config/next-config-js/turbopack#root-directory for more information.
 Detected additional lockfiles: 
   * C:\Users\xspang\Desktop\gemini\GemHack\package-lock.json

Γû▓ Next.js 16.1.1 (Turbopack)

  Creating an optimized production build ...

> Build error occurred
Error: Turbopack build failed with 2 errors:
./Desktop/gemini/GemHack/components/game_dungeon/GameScreen.tsx:7:1
Module not found: Can't resolve '@/lib/combine/dungeon_mock-cards'
   5 | import { HeroAvatar } from './HeroAvatar';
   6 | import { CardView } from './CardView';
>  7 | import { MOCK_CARDS } from '@/lib/combine/dungeon_mock-cards';
     | ^^^^^^^^^^^^^^^^^^^^^^^^^^^^^^^^^^^^^^^^^^^^^^^^^^^^^^^^^^^^^^
   8 | import { motion } from 'framer-motion';
   9 |
  10 | export const GameScreen: React.FC = () => {

Import map: aliased to relative './lib/combine/dungeon_mock-cards' inside of [project]/Desktop/gemini/GemHack


Import trace:
  Server Component:
    ./Desktop/gemini/GemHack/components/game_dungeon/GameScreen.tsx
    ./Desktop/gemini/GemHack/app/game_dungeon/page.tsx

https://nextjs.org/docs/messages/module-not-found


./Desktop/gemini/GemHack/components/game_dungeon/GameScreen.tsx:4:1
Module not found: Can't resolve '@/lib/combine/dungeon_store'
  2 |
  3 | import React, { useEffect } from 'react';
> 4 | import { useGameStore } from '@/lib/combine/dungeon_store';
    | ^^^^^^^^^^^^^^^^^^^^^^^^^^^^^^^^^^^^^^^^^^^^^^^^^^^^^^^^^^^
  5 | import { HeroAvatar } from './HeroAvatar';
  6 | import { CardView } from './CardView';
  7 | import { MOCK_CARDS } from '@/lib/combine/dungeon_mock-cards';

Import map: aliased to relative './lib/combine/dungeon_store' inside of [project]/Desktop/gemini/GemHack


Import trace:
  Server Component:
    ./Desktop/gemini/GemHack/components/game_dungeon/GameScreen.tsx
    ./Desktop/gemini/GemHack/app/game_dungeon/page.tsx

https://nextjs.org/docs/messages/module-not-found


    at <unknown> (./Desktop/gemini/GemHack/components/game_dungeon/GameScreen.tsx:7:1)
    at <unknown> (https://nextjs.org/docs/messages/module-not-found)
    at <unknown> (./Desktop/gemini/GemHack/components/game_dungeon/GameScreen.tsx:4:1)
    at <unknown> (https://nextjs.org/docs/messages/module-not-found)
